[INFO](2026/08/14/ 10:18:14 PM) 
[WELCOME] Unfolding configurations...!
[INFO](2026/08/14/ 10:18:14 PM) {'global_config': {'seed': 5959, 'device': 'cuda:0', 'is_mp': False}}
[INFO](2026/08/14/ 10:18:14 PM) {'data_config': {'data_path': './data/', 'dataset_name': 'nwpu', 'num_shards': 200, 'iid': False, 'diri': True, 'alpha': 0.5}}
[INFO](2026/08/14/ 10:18:14 PM) {'fed_config': {'C': 0.24, 'K': 42, 'R': 1000, 'E': 5, 'B': 10, 'criterion': 'torch.nn.CrossEntropyLoss', 'optimizer': 'torch.optim.SGD'}}
[INFO](2026/08/14/ 10:18:14 PM) {'optim_config': {'lr': 0.05, 'momentum': 0.9}}
[INFO](2026/08/14/ 10:18:14 PM) {'init_config': {'init_type': 'xavier', 'init_gain': 1.0, 'gpu_ids': [0]}}
[INFO](2026/08/14/ 10:18:14 PM) {'model_config': {'name': 'ResNet18', 'inplanes': 64, 'num_classes': 45}}
[INFO](2026/08/14/ 10:18:14 PM) {'log_config': {'log_path': './log/2026-08-14_22_18_11', 'log_name': 'FL.log', 'tb_port': 5255, 'tb_host': '0.0.0.0'}}
[INFO](2026/08/14/ 10:18:14 PM) {'cl_config': {'cl_dim': 2048, 'cl_gamma': 0.05, 'cl_temp': 0.05, 'cl_K': 50}}
[INFO](2026/08/14/ 10:18:15 PM) [Round: 0000] ...successfully initialized model (# parameters: 12250349)!
[INFO](2026/08/14/ 10:18:15 PM) [Round: 0000] ...successfully created all 42 clients!
[INFO](2026/08/14/ 10:18:15 PM) [Round: 0000] ...successfully finished setup of all 42 clients!
[INFO](2026/08/14/ 10:18:16 PM) [Round: 0000] ...successfully transmitted models to all 42 clients!
[INFO](2026/08/14/ 10:18:16 PM) [Round: 0001] Select clients...!
[INFO](2026/08/14/ 10:18:17 PM) [Round: 0001] ...successfully transmitted models to 10 selected clients!
[INFO](2026/08/14/ 10:18:17 PM) [Round: 0001] Start updating selected 10 clients...!
[INFO](2026/08/14/ 10:24:06 PM) [Round: 0001] ...10 clients are selected and updated (with total sample size: 783)!
[INFO](2026/08/14/ 10:24:06 PM) [Round: 0001] Aggregate updated weights of 10 clients...!
[INFO](2026/08/14/ 10:24:06 PM) [Round: 0001] ...updated weights of 10 clients are successfully averaged!
[INFO](2026/08/14/ 10:25:57 PM) [Round: 0001] Evaluate global model's performance...!                
	[Server] ...finished evaluation!                
	=> Loss: 3.8571                
	=> Accuracy: 2.22%

[INFO](2026/08/14/ 10:25:57 PM) [Round: 0002] Select clients...!
[INFO](2026/08/14/ 10:25:58 PM) [Round: 0002] ...successfully transmitted models to 10 selected clients!
[INFO](2026/08/14/ 10:25:58 PM) [Round: 0002] Start updating selected 10 clients...!
[INFO](2026/08/14/ 10:31:23 PM) [Round: 0002] ...10 clients are selected and updated (with total sample size: 760)!
[INFO](2026/08/14/ 10:31:23 PM) [Round: 0002] Aggregate updated weights of 10 clients...!
[INFO](2026/08/14/ 10:31:23 PM) [Round: 0002] ...updated weights of 10 clients are successfully averaged!
[INFO](2026/08/14/ 10:31:39 PM) [Round: 0002] Evaluate global model's performance...!                
	[Server] ...finished evaluation!                
	=> Loss: 4.1860                
	=> Accuracy: 2.22%

[INFO](2026/08/14/ 10:31:39 PM) [Round: 0003] Select clients...!
[INFO](2026/08/14/ 10:31:40 PM) [Round: 0003] ...successfully transmitted models to 10 selected clients!
[INFO](2026/08/14/ 10:31:40 PM) [Round: 0003] Start updating selected 10 clients...!
[INFO](2026/08/14/ 10:36:36 PM) [Round: 0003] ...10 clients are selected and updated (with total sample size: 783)!
[INFO](2026/08/14/ 10:36:36 PM) [Round: 0003] Aggregate updated weights of 10 clients...!
[INFO](2026/08/14/ 10:36:37 PM) [Round: 0003] ...updated weights of 10 clients are successfully averaged!
[INFO](2026/08/14/ 10:37:01 PM) [Round: 0003] Evaluate global model's performance...!                
	[Server] ...finished evaluation!                
	=> Loss: 4.0234                
	=> Accuracy: 2.22%

[INFO](2026/08/14/ 10:37:02 PM) [Round: 0004] Select clients...!
[INFO](2026/08/14/ 10:37:02 PM) [Round: 0004] ...successfully transmitted models to 10 selected clients!
[INFO](2026/08/14/ 10:37:02 PM) [Round: 0004] Start updating selected 10 clients...!
[INFO](2026/08/14/ 10:41:57 PM) [Round: 0004] ...10 clients are selected and updated (with total sample size: 783)!
[INFO](2026/08/14/ 10:41:57 PM) [Round: 0004] Aggregate updated weights of 10 clients...!
[INFO](2026/08/14/ 10:41:57 PM) [Round: 0004] ...updated weights of 10 clients are successfully averaged!
[INFO](2026/08/14/ 10:42:22 PM) [Round: 0004] Evaluate global model's performance...!                
	[Server] ...finished evaluation!                
	=> Loss: 3.9714                
	=> Accuracy: 2.22%

[INFO](2026/08/14/ 10:42:22 PM) [Round: 0005] Select clients...!
[INFO](2026/08/14/ 10:42:23 PM) [Round: 0005] ...successfully transmitted models to 10 selected clients!
[INFO](2026/08/14/ 10:42:23 PM) [Round: 0005] Start updating selected 10 clients...!
[INFO](2026/08/14/ 10:47:26 PM) [Round: 0005] ...10 clients are selected and updated (with total sample size: 740)!
[INFO](2026/08/14/ 10:47:26 PM) [Round: 0005] Aggregate updated weights of 10 clients...!
[INFO](2026/08/14/ 10:47:27 PM) [Round: 0005] ...updated weights of 10 clients are successfully averaged!
[INFO](2026/08/14/ 10:47:51 PM) [Round: 0005] Evaluate global model's performance...!                
	[Server] ...finished evaluation!                
	=> Loss: 3.9771                
	=> Accuracy: 2.22%

[INFO](2026/08/14/ 10:47:51 PM) [Round: 0006] Select clients...!
[INFO](2026/08/14/ 10:47:52 PM) [Round: 0006] ...successfully transmitted models to 10 selected clients!
[INFO](2026/08/14/ 10:47:52 PM) [Round: 0006] Start updating selected 10 clients...!
[INFO](2026/08/14/ 10:51:47 PM) [Round: 0006] ...10 clients are selected and updated (with total sample size: 796)!
[INFO](2026/08/14/ 10:51:47 PM) [Round: 0006] Aggregate updated weights of 10 clients...!
[INFO](2026/08/14/ 10:51:48 PM) [Round: 0006] ...updated weights of 10 clients are successfully averaged!
[INFO](2026/08/14/ 10:52:13 PM) [Round: 0006] Evaluate global model's performance...!                
	[Server] ...finished evaluation!                
	=> Loss: 3.8874                
	=> Accuracy: 2.24%

[INFO](2026/08/14/ 10:52:13 PM) [Round: 0007] Select clients...!
[INFO](2026/08/14/ 10:52:14 PM) [Round: 0007] ...successfully transmitted models to 10 selected clients!
[INFO](2026/08/14/ 10:52:14 PM) [Round: 0007] Start updating selected 10 clients...!
[INFO](2026/08/14/ 10:57:04 PM) [Round: 0007] ...10 clients are selected and updated (with total sample size: 656)!
[INFO](2026/08/14/ 10:57:04 PM) [Round: 0007] Aggregate updated weights of 10 clients...!
[INFO](2026/08/14/ 10:57:04 PM) [Round: 0007] ...updated weights of 10 clients are successfully averaged!
[INFO](2026/08/14/ 10:57:30 PM) [Round: 0007] Evaluate global model's performance...!                
	[Server] ...finished evaluation!                
	=> Loss: 3.8798                
	=> Accuracy: 2.22%

[INFO](2026/08/14/ 10:57:30 PM) [Round: 0008] Select clients...!
[INFO](2026/08/14/ 10:57:31 PM) [Round: 0008] ...successfully transmitted models to 10 selected clients!
[INFO](2026/08/14/ 10:57:31 PM) [Round: 0008] Start updating selected 10 clients...!
[INFO](2026/08/14/ 11:02:05 PM) [Round: 0008] ...10 clients are selected and updated (with total sample size: 796)!
[INFO](2026/08/14/ 11:02:05 PM) [Round: 0008] Aggregate updated weights of 10 clients...!
[INFO](2026/08/14/ 11:02:05 PM) [Round: 0008] ...updated weights of 10 clients are successfully averaged!
[INFO](2026/08/14/ 11:02:31 PM) [Round: 0008] Evaluate global model's performance...!                
	[Server] ...finished evaluation!                
	=> Loss: 13.9787                
	=> Accuracy: 3.00%

[INFO](2026/08/14/ 11:02:31 PM) [Round: 0009] Select clients...!
[INFO](2026/08/14/ 11:02:32 PM) [Round: 0009] ...successfully transmitted models to 10 selected clients!
[INFO](2026/08/14/ 11:02:32 PM) [Round: 0009] Start updating selected 10 clients...!
[INFO](2026/08/14/ 11:07:06 PM) [Round: 0009] ...10 clients are selected and updated (with total sample size: 659)!
[INFO](2026/08/14/ 11:07:06 PM) [Round: 0009] Aggregate updated weights of 10 clients...!
[INFO](2026/08/14/ 11:07:06 PM) [Round: 0009] ...updated weights of 10 clients are successfully averaged!
[INFO](2026/08/14/ 11:07:32 PM) [Round: 0009] Evaluate global model's performance...!                
	[Server] ...finished evaluation!                
	=> Loss: 7.5436                
	=> Accuracy: 2.22%

[INFO](2026/08/14/ 11:07:32 PM) [Round: 0010] Select clients...!
[INFO](2026/08/14/ 11:07:33 PM) [Round: 0010] ...successfully transmitted models to 10 selected clients!
[INFO](2026/08/14/ 11:07:33 PM) [Round: 0010] Start updating selected 10 clients...!
[INFO](2026/08/14/ 11:12:08 PM) [Round: 0010] ...10 clients are selected and updated (with total sample size: 783)!
[INFO](2026/08/14/ 11:12:08 PM) [Round: 0010] Aggregate updated weights of 10 clients...!
[INFO](2026/08/14/ 11:12:08 PM) [Round: 0010] ...updated weights of 10 clients are successfully averaged!
[INFO](2026/08/14/ 11:12:34 PM) [Round: 0010] Evaluate global model's performance...!                
	[Server] ...finished evaluation!                
	=> Loss: 6.1975                
	=> Accuracy: 3.24%

[INFO](2026/08/14/ 11:12:34 PM) [Round: 0011] Select clients...!
[INFO](2026/08/14/ 11:12:34 PM) [Round: 0011] ...successfully transmitted models to 10 selected clients!
[INFO](2026/08/14/ 11:12:34 PM) [Round: 0011] Start updating selected 10 clients...!
[INFO](2026/08/14/ 11:17:15 PM) [Round: 0011] ...10 clients are selected and updated (with total sample size: 783)!
[INFO](2026/08/14/ 11:17:15 PM) [Round: 0011] Aggregate updated weights of 10 clients...!
[INFO](2026/08/14/ 11:17:15 PM) [Round: 0011] ...updated weights of 10 clients are successfully averaged!
[INFO](2026/08/14/ 11:17:40 PM) [Round: 0011] Evaluate global model's performance...!                
	[Server] ...finished evaluation!                
	=> Loss: 16.1816                
	=> Accuracy: 4.47%

[INFO](2026/08/14/ 11:17:40 PM) [Round: 0012] Select clients...!
[INFO](2026/08/14/ 11:17:41 PM) [Round: 0012] ...successfully transmitted models to 10 selected clients!
[INFO](2026/08/14/ 11:17:41 PM) [Round: 0012] Start updating selected 10 clients...!
[INFO](2026/08/14/ 11:21:42 PM) [Round: 0012] ...10 clients are selected and updated (with total sample size: 656)!
[INFO](2026/08/14/ 11:21:42 PM) [Round: 0012] Aggregate updated weights of 10 clients...!
[INFO](2026/08/14/ 11:21:43 PM) [Round: 0012] ...updated weights of 10 clients are successfully averaged!
[INFO](2026/08/14/ 11:22:08 PM) [Round: 0012] Evaluate global model's performance...!                
	[Server] ...finished evaluation!                
	=> Loss: 21.0778                
	=> Accuracy: 4.16%

[INFO](2026/08/14/ 11:22:08 PM) [Round: 0013] Select clients...!
[INFO](2026/08/14/ 11:22:09 PM) [Round: 0013] ...successfully transmitted models to 10 selected clients!
[INFO](2026/08/14/ 11:22:09 PM) [Round: 0013] Start updating selected 10 clients...!
[INFO](2026/08/14/ 11:26:26 PM) [Round: 0013] ...10 clients are selected and updated (with total sample size: 742)!
[INFO](2026/08/14/ 11:26:26 PM) [Round: 0013] Aggregate updated weights of 10 clients...!
[INFO](2026/08/14/ 11:26:27 PM) [Round: 0013] ...updated weights of 10 clients are successfully averaged!
[INFO](2026/08/14/ 11:26:51 PM) [Round: 0013] Evaluate global model's performance...!                
	[Server] ...finished evaluation!                
	=> Loss: 40.7674                
	=> Accuracy: 3.64%

[INFO](2026/08/14/ 11:26:51 PM) [Round: 0014] Select clients...!
[INFO](2026/08/14/ 11:26:52 PM) [Round: 0014] ...successfully transmitted models to 10 selected clients!
[INFO](2026/08/14/ 11:26:52 PM) [Round: 0014] Start updating selected 10 clients...!
[INFO](2026/08/14/ 11:31:15 PM) [Round: 0014] ...10 clients are selected and updated (with total sample size: 783)!
[INFO](2026/08/14/ 11:31:15 PM) [Round: 0014] Aggregate updated weights of 10 clients...!
[INFO](2026/08/14/ 11:31:15 PM) [Round: 0014] ...updated weights of 10 clients are successfully averaged!
[INFO](2026/08/14/ 11:31:40 PM) [Round: 0014] Evaluate global model's performance...!                
	[Server] ...finished evaluation!                
	=> Loss: 48.3209                
	=> Accuracy: 2.73%

[INFO](2026/08/14/ 11:31:40 PM) [Round: 0015] Select clients...!
[INFO](2026/08/14/ 11:31:41 PM) [Round: 0015] ...successfully transmitted models to 10 selected clients!
[INFO](2026/08/14/ 11:31:41 PM) [Round: 0015] Start updating selected 10 clients...!
[INFO](2026/08/14/ 11:36:19 PM) [Round: 0015] ...10 clients are selected and updated (with total sample size: 796)!
[INFO](2026/08/14/ 11:36:19 PM) [Round: 0015] Aggregate updated weights of 10 clients...!
[INFO](2026/08/14/ 11:36:19 PM) [Round: 0015] ...updated weights of 10 clients are successfully averaged!
[INFO](2026/08/14/ 11:37:03 PM) [Round: 0015] Evaluate global model's performance...!                
	[Server] ...finished evaluation!                
	=> Loss: 27.7725                
	=> Accuracy: 2.91%

[INFO](2026/08/14/ 11:37:03 PM) [Round: 0016] Select clients...!
[INFO](2026/08/14/ 11:37:03 PM) [Round: 0016] ...successfully transmitted models to 10 selected clients!
[INFO](2026/08/14/ 11:37:03 PM) [Round: 0016] Start updating selected 10 clients...!
[INFO](2026/08/14/ 11:40:03 PM) [Round: 0016] ...10 clients are selected and updated (with total sample size: 783)!
[INFO](2026/08/14/ 11:40:03 PM) [Round: 0016] Aggregate updated weights of 10 clients...!
[INFO](2026/08/14/ 11:40:04 PM) [Round: 0016] ...updated weights of 10 clients are successfully averaged!
[INFO](2026/08/14/ 11:40:18 PM) [Round: 0016] Evaluate global model's performance...!                
	[Server] ...finished evaluation!                
	=> Loss: 34.9388                
	=> Accuracy: 3.51%

[INFO](2026/08/14/ 11:40:18 PM) [Round: 0017] Select clients...!
[INFO](2026/08/14/ 11:40:18 PM) [Round: 0017] ...successfully transmitted models to 10 selected clients!
[INFO](2026/08/14/ 11:40:18 PM) [Round: 0017] Start updating selected 10 clients...!
[INFO](2026/08/14/ 11:43:19 PM) [Round: 0017] ...10 clients are selected and updated (with total sample size: 783)!
[INFO](2026/08/14/ 11:43:19 PM) [Round: 0017] Aggregate updated weights of 10 clients...!
[INFO](2026/08/14/ 11:43:19 PM) [Round: 0017] ...updated weights of 10 clients are successfully averaged!
[INFO](2026/08/14/ 11:43:33 PM) [Round: 0017] Evaluate global model's performance...!                
	[Server] ...finished evaluation!                
	=> Loss: 51.4515                
	=> Accuracy: 2.47%

[INFO](2026/08/14/ 11:43:33 PM) [Round: 0018] Select clients...!
[INFO](2026/08/14/ 11:43:34 PM) [Round: 0018] ...successfully transmitted models to 10 selected clients!
[INFO](2026/08/14/ 11:43:34 PM) [Round: 0018] Start updating selected 10 clients...!
[INFO](2026/08/14/ 11:46:10 PM) [Round: 0018] ...10 clients are selected and updated (with total sample size: 656)!
[INFO](2026/08/14/ 11:46:10 PM) [Round: 0018] Aggregate updated weights of 10 clients...!
[INFO](2026/08/14/ 11:46:11 PM) [Round: 0018] ...updated weights of 10 clients are successfully averaged!
[INFO](2026/08/14/ 11:46:24 PM) [Round: 0018] Evaluate global model's performance...!                
	[Server] ...finished evaluation!                
	=> Loss: 47.5414                
	=> Accuracy: 3.09%

[INFO](2026/08/14/ 11:46:24 PM) [Round: 0019] Select clients...!
[INFO](2026/08/14/ 11:46:25 PM) [Round: 0019] ...successfully transmitted models to 10 selected clients!
[INFO](2026/08/14/ 11:46:25 PM) [Round: 0019] Start updating selected 10 clients...!
